d:\myproject\checknonmanifold\checknonmanifold\x64\debug\vc143.pdb
d:\myproject\checknonmanifold\checknonmanifold\x64\debug\vc143.idb
d:\myproject\checknonmanifold\checknonmanifold\x64\debug\checkmesh.obj
d:\myproject\checknonmanifold\checknonmanifold\x64\debug\pointsdata.obj
d:\myproject\checknonmanifold\checknonmanifold\x64\debug\meshtopology.obj
d:\myproject\checknonmanifold\checknonmanifold\x64\debug\meshdata.obj
d:\myproject\checknonmanifold\checknonmanifold\x64\debug\spacebox.obj
d:\myproject\checknonmanifold\x64\debug\checknonmanifold.dll
d:\myproject\checknonmanifold\x64\debug\checknonmanifold.pdb
d:\myproject\checknonmanifold\x64\debug\checknonmanifold.lib
d:\myproject\checknonmanifold\x64\debug\checknonmanifold.exp
d:\myproject\checknonmanifold\checknonmanifold\x64\debug\checknonmanifold.ilk
d:\myproject\checknonmanifold\checknonmanifold\x64\debug\checknonmanifold.tlog\cl.command.1.tlog
d:\myproject\checknonmanifold\checknonmanifold\x64\debug\checknonmanifold.tlog\cl.items.tlog
d:\myproject\checknonmanifold\checknonmanifold\x64\debug\checknonmanifold.tlog\cl.read.1.tlog
d:\myproject\checknonmanifold\checknonmanifold\x64\debug\checknonmanifold.tlog\cl.write.1.tlog
d:\myproject\checknonmanifold\checknonmanifold\x64\debug\checknonmanifold.tlog\link.command.1.tlog
d:\myproject\checknonmanifold\checknonmanifold\x64\debug\checknonmanifold.tlog\link.read.1.tlog
d:\myproject\checknonmanifold\checknonmanifold\x64\debug\checknonmanifold.tlog\link.secondary.1.tlog
d:\myproject\checknonmanifold\checknonmanifold\x64\debug\checknonmanifold.tlog\link.write.1.tlog
